<html>
<body>
<pre>
<h1>礦ision Build Log</h1>
<h2>Project:</h2>
E:\电子\项目\小四轴\crazepony-firmware-none\Crazepony.uvproj
Project File Date:  12/02/2016

<h2>Output:</h2>
Build target 'Crazepony'
compiling Tim.c...
linking...
Program Size: Code=55684 RO-data=812 RW-data=944 ZI-data=4488  
FromELF: creating hex file...
".\Output\Crazepony.axf" - 0 Error(s), 0 Warning(s).
r\C\delay.c: 1 warning, 0 errors
compiling Led.c...
compiling MPU6050.c...
compiling IIC.c...
compiling Tim.c...
compiling Moto.c...
compiling stmflash.c...
compiling UART1.c...
compiling Battery.c...
compiling DMP.c...
compiling BT.c...
compiling HMC5883L.c...
compiling MS5611.c...
HardWareDriver\C\MS5611.c(55): warning:  #550-D: variable "Press_buffer" was set but never used
  static float Temp_buffer[MOVAVG_SIZE],Press_buffer[MOVAVG_SIZE],Alt_buffer[MOVAVG_SIZE];
HardWareDriver\C\MS5611.c: 1 warning, 0 errors
compiling RF.c...
compiling main.c...
compiling stm32f10x_it.c...
compiling Sys_Fun.c...
compiling CommApp.c...
compiling CommPc.c...
compiling IMU.c...
compiling Altitude.c...
compiling filter.c...
compiling ConfigTable.c...
User_Src\ConfigTable.c(86): warning:  #550-D: variable "temp" was set but never used
                float temp;
User_Src\ConfigTable.c(121): warning:  #223-D: function "printf" declared implicitly
                        printf("load params from eeprom failed,set default value\r\n");
User_Src\ConfigTable.c: 2 warnings, 0 errors
compiling IMUSO3.c...
compiling FailSafe.c...
compiling misc.c...
compiling stm32f10x_gpio.c...
compiling stm32f10x_rcc.c...
compiling stm32f10x_tim.c...
compiling stm32f10x_usart.c...
compiling stm32f10x_i2c.c...
compiling stm32f10x_spi.c...
compiling stm32f10x_pwr.c...
compiling Control.c...
compiling ReceiveData.c...
linking...
.\Output\Crazepony.axf: Error: L6218E: Undefined symbol RX_ADDRESS (referred from tim.o).
Not enough information to list image symbols.
Finished: 1 information, 0 warning and 1 error messages.
".\Output\Crazepony.axf" - 1 Error(s), 4 Warning(s).
Target not created
...
compiling stm32f10x_usart.c...
compiling stm32f10x_i2c.c...
compiling stm32f10x_spi.c...
compiling stm32f10x_pwr.c...
compiling Control.c...
compiling ReceiveData.c...
linking...
Program Size: Code=57018 RO-data=1774 RW-data=952 ZI-data=4600  
FromELF: creating hex file...
".\Output\Crazepony.axf" - 0 Error(s), 6 Warning(s).
