<html>
<body>
<pre>
<h1>礦ision Build Log</h1>
<h2>Project:</h2>
E:\电子\项目\小四轴\crazepony-firmware-none\Crazepony.uvproj
Project File Date:  12/02/2016

<h2>Output:</h2>
Build target 'Crazepony'
compiling Battery.c...
linking...
Program Size: Code=53392 RO-data=672 RW-data=868 ZI-data=4412  
FromELF: creating hex file...
".\Output\Crazepony.axf" - 0 Error(s), 0 Warning(s).
oad "E:\\电子\\项目\\小四轴\\crazepony-firmware-none\\Output\\Crazepony.axf" 
Erase Done.
Programming Done.
Verify OK.
Application running ...
ntf" declared implicitly
                        printf("load params from eeprom failed,set default value\r\n");
User_Src\ConfigTable.c: 2 warnings, 0 errors
compiling FailSafe.c...
compiling Control.c...
compiling ReceiveData.c...
linking...
Program Size: Code=53400 RO-data=672 RW-data=868 ZI-data=4412  
FromELF: creating hex file...
".\Output\Crazepony.axf" - 0 Error(s), 2 Warning(s).
Load "E:\\电子\\项目\\小四轴\\crazepony-firmware-none\\Output\\Crazepony.axf" 
Erase Done.
Programming Done.
Verify OK.
Application running ...
t temp_index=0,press_index=0; //闃熷垪鎸囬拡
HardWareDriver\C\FBM320.C: 2 warnings, 0 errors
compiling main.c...
compiling stm32f10x_it.c...
compiling Sys_Fun.c...
compiling CommApp.c...
compiling CommPc.c...
compiling IMU.c...
compiling Altitude.c...
compiling filter.c...
compiling ConfigTable.c...
User_Src\ConfigTable.c(86): warning:  #550-D: variable "temp" was set but never used
                float temp;
User_Src\ConfigTable.c(121): warning:  #223-D: function "printf" declared implicitly
                        printf("load params from eeprom failed,set default value\r\n");
User_Src\ConfigTable.c: 2 warnings, 0 errors
compiling IMUSO3.c...
compiling FailSafe.c...
compiling misc.c...
compiling stm32f10x_gpio.c...
compiling stm32f10x_rcc.c...
compiling stm32f10x_tim.c...
compiling stm32f10x_usart.c...
compiling stm32f10x_i2c.c...
compiling stm32f10x_spi.c...
compiling stm32f10x_pwr.c...
compiling Control.c...
compiling ReceiveData.c...
linking...
Program Size: Code=53364 RO-data=676 RW-data=868 ZI-data=4412  
FromELF: creating hex file...
".\Output\Crazepony.axf" - 0 Error(s), 5 Warning(s).
Load "E:\\电子\\项目\\小四轴\\crazepony-firmware-none\\Output\\Crazepony.axf" 
Erase Done.
Programming Done.
Verify OK.
Application running ...
